
> tmp-project@0.0.0 test:e2e
> playwright test


Running 10 tests using 6 workers

  Ô£ô   6 [chromium] ÔÇ║ e2e\tests\habits.spec.ts:123:5 ÔÇ║ Habits Module - CRUD Operations ÔÇ║ navigates habits module successfully (3.1s)
  Ô£ô   1 [chromium] ÔÇ║ e2e\tests\habits.spec.ts:4:5 ÔÇ║ Habits Module - CRUD Operations ÔÇ║ creates habit with name and displays in list (3.8s)
  Ô£ô   2 [chromium] ÔÇ║ e2e\tests\habits.spec.ts:61:5 ÔÇ║ Habits Module - CRUD Operations ÔÇ║ toggles habit completion adds to today streak (4.8s)
  Ô£ô   5 [chromium] ÔÇ║ e2e\tests\habits.spec.ts:33:5 ÔÇ║ Habits Module - CRUD Operations ÔÇ║ displays habits list with today progress (4.6s)
  Ô£ô   4 [chromium] ÔÇ║ e2e\tests\habits.spec.ts:99:5 ÔÇ║ Habits Module - CRUD Operations ÔÇ║ can view and interact with habits (5.1s)
  Ô£ô  10 [chromium] ÔÇ║ e2e\tests\smoke.spec.ts:3:1 ÔÇ║ loads LifeHub and navigates to Gym (1.2s)
  Ô£ô   8 [chromium] ÔÇ║ e2e\tests\notes.spec.ts:28:5 ÔÇ║ Notes Module - CRUD Operations ÔÇ║ creates and shows a new note (3.0s)
  Ô£ô   3 [chromium] ÔÇ║ e2e\tests\gym-routine.spec.ts:4:5 ÔÇ║ Gym Tracker - Routine CRUD ÔÇ║ creates routine with optional day label and targets, then edits in View/Edit mode (7.1s)
  Ô£ÿ   7 [chromium] ÔÇ║ e2e\tests\notes.spec.ts:4:5 ÔÇ║ Notes Module - CRUD Operations ÔÇ║ navigates to notes and verifies page loaded (8.3s)
  Ô£ÿ   9 [chromium] ÔÇ║ e2e\tests\notes.spec.ts:67:5 ÔÇ║ Notes Module - CRUD Operations ÔÇ║ notes dashboard shows basic layout (7.6s)


  1) [chromium] ÔÇ║ e2e\tests\notes.spec.ts:4:5 ÔÇ║ Notes Module - CRUD Operations ÔÇ║ navigates to notes and verifies page loaded 

    Error: [2mexpect([22m[31mlocator[39m[2m).[22mtoBeVisible[2m([22m[2m)[22m failed

    Locator: locator('h2').filter({ hasText: /Note/ }).first()
    Expected: visible
    Timeout: 5000ms
    Error: element(s) not found

    Call log:
    [2m  - Expect "toBeVisible" with timeout 5000ms[22m
    [2m  - waiting for locator('h2').filter({ hasText: /Note/ }).first()[22m


      22 |             // Alternative: check for "Note" text in h2
      23 |             const notesTitle = page.locator('h2').filter({ hasText: /Note/ }).first();
    > 24 |             await expect(notesTitle).toBeVisible({ timeout: 5000 });
         |                                      ^
      25 |         }
      26 |     });
      27 |
        at C:\Users\Juanpi\Desktop\Programacion 2025\App-Me\e2e\tests\notes.spec.ts:24:38

    attachment #1: screenshot (image/png) ÔöÇÔöÇÔöÇÔöÇÔöÇÔöÇÔöÇÔöÇÔöÇÔöÇÔöÇÔöÇÔöÇÔöÇÔöÇÔöÇÔöÇÔöÇÔöÇÔöÇÔöÇÔöÇÔöÇÔöÇÔöÇÔöÇÔöÇÔöÇÔöÇÔöÇÔöÇÔöÇÔöÇÔöÇÔöÇÔöÇÔöÇÔöÇÔöÇÔöÇÔöÇÔöÇÔöÇÔöÇÔöÇÔöÇÔöÇÔöÇÔöÇÔöÇÔöÇÔöÇÔöÇÔöÇÔöÇÔöÇÔöÇÔöÇ
    test-results\notes-Notes-Module---CRUD--2d6a5-es-and-verifies-page-loaded-chromium\test-failed-1.png
    ÔöÇÔöÇÔöÇÔöÇÔöÇÔöÇÔöÇÔöÇÔöÇÔöÇÔöÇÔöÇÔöÇÔöÇÔöÇÔöÇÔöÇÔöÇÔöÇÔöÇÔöÇÔöÇÔöÇÔöÇÔöÇÔöÇÔöÇÔöÇÔöÇÔöÇÔöÇÔöÇÔöÇÔöÇÔöÇÔöÇÔöÇÔöÇÔöÇÔöÇÔöÇÔöÇÔöÇÔöÇÔöÇÔöÇÔöÇÔöÇÔöÇÔöÇÔöÇÔöÇÔöÇÔöÇÔöÇÔöÇÔöÇÔöÇÔöÇÔöÇÔöÇÔöÇÔöÇÔöÇÔöÇÔöÇÔöÇÔöÇÔöÇÔöÇÔöÇÔöÇÔöÇÔöÇÔöÇÔöÇÔöÇÔöÇÔöÇÔöÇÔöÇÔöÇÔöÇÔöÇÔöÇÔöÇÔöÇÔöÇÔöÇÔöÇÔöÇÔöÇÔöÇÔöÇÔöÇÔöÇ

    attachment #2: video (video/webm) ÔöÇÔöÇÔöÇÔöÇÔöÇÔöÇÔöÇÔöÇÔöÇÔöÇÔöÇÔöÇÔöÇÔöÇÔöÇÔöÇÔöÇÔöÇÔöÇÔöÇÔöÇÔöÇÔöÇÔöÇÔöÇÔöÇÔöÇÔöÇÔöÇÔöÇÔöÇÔöÇÔöÇÔöÇÔöÇÔöÇÔöÇÔöÇÔöÇÔöÇÔöÇÔöÇÔöÇÔöÇÔöÇÔöÇÔöÇÔöÇÔöÇÔöÇÔöÇÔöÇÔöÇÔöÇÔöÇÔöÇÔöÇÔöÇÔöÇÔöÇÔöÇÔöÇ
    test-results\notes-Notes-Module---CRUD--2d6a5-es-and-verifies-page-loaded-chromium\video.webm
    ÔöÇÔöÇÔöÇÔöÇÔöÇÔöÇÔöÇÔöÇÔöÇÔöÇÔöÇÔöÇÔöÇÔöÇÔöÇÔöÇÔöÇÔöÇÔöÇÔöÇÔöÇÔöÇÔöÇÔöÇÔöÇÔöÇÔöÇÔöÇÔöÇÔöÇÔöÇÔöÇÔöÇÔöÇÔöÇÔöÇÔöÇÔöÇÔöÇÔöÇÔöÇÔöÇÔöÇÔöÇÔöÇÔöÇÔöÇÔöÇÔöÇÔöÇÔöÇÔöÇÔöÇÔöÇÔöÇÔöÇÔöÇÔöÇÔöÇÔöÇÔöÇÔöÇÔöÇÔöÇÔöÇÔöÇÔöÇÔöÇÔöÇÔöÇÔöÇÔöÇÔöÇÔöÇÔöÇÔöÇÔöÇÔöÇÔöÇÔöÇÔöÇÔöÇÔöÇÔöÇÔöÇÔöÇÔöÇÔöÇÔöÇÔöÇÔöÇÔöÇÔöÇÔöÇÔöÇÔöÇ

    Error Context: test-results\notes-Notes-Module---CRUD--2d6a5-es-and-verifies-page-loaded-chromium\error-context.md

  2) [chromium] ÔÇ║ e2e\tests\notes.spec.ts:67:5 ÔÇ║ Notes Module - CRUD Operations ÔÇ║ notes dashboard shows basic layout 

    Error: [2mexpect([22m[31mlocator[39m[2m).[22mtoBeVisible[2m([22m[2m)[22m failed

    Locator: locator('button').first()
    Expected: visible
    Timeout: 5000ms
    Error: element(s) not found

    Call log:
    [2m  - Expect "toBeVisible" with timeout 5000ms[22m
    [2m  - waiting for locator('button').first()[22m


      75 |         // Could be the h2 header, or create button, or any input
      76 |         const anyButton = page.locator('button').first();
    > 77 |         await expect(anyButton).toBeVisible({ timeout: 5000 });
         |                                 ^
      78 |     });
      79 | });
      80 |
        at C:\Users\Juanpi\Desktop\Programacion 2025\App-Me\e2e\tests\notes.spec.ts:77:33

    attachment #1: screenshot (image/png) ÔöÇÔöÇÔöÇÔöÇÔöÇÔöÇÔöÇÔöÇÔöÇÔöÇÔöÇÔöÇÔöÇÔöÇÔöÇÔöÇÔöÇÔöÇÔöÇÔöÇÔöÇÔöÇÔöÇÔöÇÔöÇÔöÇÔöÇÔöÇÔöÇÔöÇÔöÇÔöÇÔöÇÔöÇÔöÇÔöÇÔöÇÔöÇÔöÇÔöÇÔöÇÔöÇÔöÇÔöÇÔöÇÔöÇÔöÇÔöÇÔöÇÔöÇÔöÇÔöÇÔöÇÔöÇÔöÇÔöÇÔöÇÔöÇ
    test-results\notes-Notes-Module---CRUD--7416b-ashboard-shows-basic-layout-chromium\test-failed-1.png
    ÔöÇÔöÇÔöÇÔöÇÔöÇÔöÇÔöÇÔöÇÔöÇÔöÇÔöÇÔöÇÔöÇÔöÇÔöÇÔöÇÔöÇÔöÇÔöÇÔöÇÔöÇÔöÇÔöÇÔöÇÔöÇÔöÇÔöÇÔöÇÔöÇÔöÇÔöÇÔöÇÔöÇÔöÇÔöÇÔöÇÔöÇÔöÇÔöÇÔöÇÔöÇÔöÇÔöÇÔöÇÔöÇÔöÇÔöÇÔöÇÔöÇÔöÇÔöÇÔöÇÔöÇÔöÇÔöÇÔöÇÔöÇÔöÇÔöÇÔöÇÔöÇÔöÇÔöÇÔöÇÔöÇÔöÇÔöÇÔöÇÔöÇÔöÇÔöÇÔöÇÔöÇÔöÇÔöÇÔöÇÔöÇÔöÇÔöÇÔöÇÔöÇÔöÇÔöÇÔöÇÔöÇÔöÇÔöÇÔöÇÔöÇÔöÇÔöÇÔöÇÔöÇÔöÇÔöÇÔöÇ

    attachment #2: video (video/webm) ÔöÇÔöÇÔöÇÔöÇÔöÇÔöÇÔöÇÔöÇÔöÇÔöÇÔöÇÔöÇÔöÇÔöÇÔöÇÔöÇÔöÇÔöÇÔöÇÔöÇÔöÇÔöÇÔöÇÔöÇÔöÇÔöÇÔöÇÔöÇÔöÇÔöÇÔöÇÔöÇÔöÇÔöÇÔöÇÔöÇÔöÇÔöÇÔöÇÔöÇÔöÇÔöÇÔöÇÔöÇÔöÇÔöÇÔöÇÔöÇÔöÇÔöÇÔöÇÔöÇÔöÇÔöÇÔöÇÔöÇÔöÇÔöÇÔöÇÔöÇÔöÇÔöÇ
    test-results\notes-Notes-Module---CRUD--7416b-ashboard-shows-basic-layout-chromium\video.webm
    ÔöÇÔöÇÔöÇÔöÇÔöÇÔöÇÔöÇÔöÇÔöÇÔöÇÔöÇÔöÇÔöÇÔöÇÔöÇÔöÇÔöÇÔöÇÔöÇÔöÇÔöÇÔöÇÔöÇÔöÇÔöÇÔöÇÔöÇÔöÇÔöÇÔöÇÔöÇÔöÇÔöÇÔöÇÔöÇÔöÇÔöÇÔöÇÔöÇÔöÇÔöÇÔöÇÔöÇÔöÇÔöÇÔöÇÔöÇÔöÇÔöÇÔöÇÔöÇÔöÇÔöÇÔöÇÔöÇÔöÇÔöÇÔöÇÔöÇÔöÇÔöÇÔöÇÔöÇÔöÇÔöÇÔöÇÔöÇÔöÇÔöÇÔöÇÔöÇÔöÇÔöÇÔöÇÔöÇÔöÇÔöÇÔöÇÔöÇÔöÇÔöÇÔöÇÔöÇÔöÇÔöÇÔöÇÔöÇÔöÇÔöÇÔöÇÔöÇÔöÇÔöÇÔöÇÔöÇÔöÇ

    Error Context: test-results\notes-Notes-Module---CRUD--7416b-ashboard-shows-basic-layout-chromium\error-context.md

  2 failed
    [chromium] ÔÇ║ e2e\tests\notes.spec.ts:4:5 ÔÇ║ Notes Module - CRUD Operations ÔÇ║ navigates to notes and verifies page loaded 
    [chromium] ÔÇ║ e2e\tests\notes.spec.ts:67:5 ÔÇ║ Notes Module - CRUD Operations ÔÇ║ notes dashboard shows basic layout 
  8 passed (14.9s)
